// Jest Snapshot v1, https://goo.gl/fbAQLP

exports[`matches snapshot 1`] = `
<DocumentFragment>
  <div
    class="App"
  >
    <div>
      <form>
        <input
          name="width"
          placeholder="Width"
          type="text"
          value=""
        />
        <input
          name="height"
          placeholder="Height"
          type="text"
          value=""
        />
        <input
          name="backgroundColor"
          placeholder="background Color"
          type="text"
          value=""
        />
        <button>
          Make Box
        </button>
      </form>
    </div>
    <div
      class="boxList"
      data-testid="boxlist"
    />
    <div
      class="todoList"
    >
      <form>
        <input
          name="todo"
          placeholder="Enter Task"
          type="text"
          value=""
        />
        <button>
          Add todo
        </button>
      </form>
    </div>
    <div
      class="todoList"
    >
      <div
        class="todo"
      >
        <h3>
          feed Dog
        </h3>
        <button>
          X
        </button>
      </div>
      <div
        class="todo"
      >
        <h3>
          brush cat
        </h3>
        <button>
          X
        </button>
      </div>
    </div>
  </div>
</DocumentFragment>
`;
